// Vitest Snapshot v1, https://vitest.dev/guide/snapshot.html

exports[`IPC 채널 일관성 > 채널명 목록을 출력한다 (진단용) 1`] = `
{
  "mainPushChannels": [
    "anthropic:reauth-required",
    "chat:oauth:result",
    "env-reload-needed",
    "hook-result",
    "relay-status",
    "session-output",
    "session-status",
    "subagent-task-created",
    "ui-focus",
    "ui-sidebar",
    "ui-tabs",
    "window:number",
  ],
  "rendererListenChannels": [
    "anthropic:reauth-required",
    "chat:oauth:result",
    "env-reload-needed",
    "hook-result",
    "relay-status",
    "session-output",
    "session-status",
    "subagent-task-created",
    "ui-focus",
    "ui-sidebar",
    "ui-tabs",
    "window:number",
  ],
}
`;
